PetTests.getPetByValidId=[
  {
    "name": "Cat 1",
    "category": {
      "id": 2,
      "name": "Cats"
    },
    "photoUrls": [
      "url1",
      "url2"
    ],
    "tags": [
      {
        "id": 1,
        "name": "tag1"
      },
      {
        "id": 2,
        "name": "tag2"
      }
    ],
    "status": "available"
  }
]


PetTests.postValidPet[John]=[
  {
    "name": "John",
    "category": {
      "id": 1,
      "name": "Fish"
    },
    "photoUrls": [
      "url1,url2"
    ],
    "tags": [
      {
        "id": 1,
        "name": "TestTag1"
      },
      {
        "id": 2,
        "name": "TestTag2"
      }
    ],
    "status": "available"
  }
]


PetTests.postValidPet[Mike]=[
  {
    "name": "Mike",
    "category": {
      "id": 3,
      "name": "Dog"
    },
    "photoUrls": [ ],
    "tags": [ ],
    "status": "sold"
  }
]